sahil@sahil MINGW64 ~
$ cd C:

sahil@sahil MINGW64 /c
$ cd Users

sahil@sahil MINGW64 /c/Users
$ cd sahil/

sahil@sahil MINGW64 ~
$ cd OneDrive/

sahil@sahil MINGW64 ~/OneDrive
$ cd Desktop

sahil@sahil MINGW64 ~/OneDrive/Desktop
$ cd HDFC\ Training\ Assingment/

sahil@sahil MINGW64 ~/OneDrive/Desktop/HDFC Training Assingment
$ cd Git\ Demo/

sahil@sahil MINGW64 ~/OneDrive/Desktop/HDFC Training Assingment/Git Demo (master)
$ git branch
  branch1
* master

sahil@sahil MINGW64 ~/OneDrive/Desktop/HDFC Training Assingment/Git Demo (master)
$ git checkout branch1
Switched to branch 'branch1'

sahil@sahil MINGW64 ~/OneDrive/Desktop/HDFC Training Assingment/Git Demo (branch1)
$ git add newFile.txt

sahil@sahil MINGW64 ~/OneDrive/Desktop/HDFC Training Assingment/Git Demo (branch1)
$ git status
On branch branch1
Changes to be committed:
  (use "git restore --staged <file>..." to unstage)
        new file:   newFile.txt


sahil@sahil MINGW64 ~/OneDrive/Desktop/HDFC Training Assingment/Git Demo (branch1)
$ git commit -m "new commit"
[branch1 4a4e2db] new commit
 1 file changed, 0 insertions(+), 0 deletions(-)
 create mode 100644 newFile.txt

sahil@sahil MINGW64 ~/OneDrive/Desktop/HDFC Training Assingment/Git Demo (branch1)
$ git push origin branch1
Enumerating objects: 12, done.
Counting objects: 100% (12/12), done.
Delta compression using up to 12 threads
Compressing objects: 100% (7/7), done.
Writing objects: 100% (11/11), 1016 bytes | 145.00 KiB/s, done.
Total 11 (delta 1), reused 0 (delta 0), pack-reused 0
remote: Resolving deltas: 100% (1/1), done.
To https://github.com/Sahilgit05/Hdfc_gitDemo.git
   12ef51e..4a4e2db  branch1 -> branch1

sahil@sahil MINGW64 ~/OneDrive/Desktop/HDFC Training Assingment/Git Demo (branch1)
$ ^C
